使用裝置: cuda
訓練圖片數量: 5000 (真實照片) + 500 (針對性混淆色對)
已從 checkpoints_v2/model_epoch50.pt 載入權重，接續 fine-tune
[Epoch 1/20] total=0.6699 natural=0.0530 structure=0.0932 distinguish=0.0266 palette=0.0372 bias=0.0034
[Epoch 2/20] total=0.6387 natural=0.0509 structure=0.0907 distinguish=0.0270 palette=0.0339 bias=0.0031
[Epoch 3/20] total=0.6148 natural=0.0516 structure=0.0918 distinguish=0.0265 palette=0.0320 bias=0.0031
[Epoch 4/20] total=0.6064 natural=0.0524 structure=0.0948 distinguish=0.0266 palette=0.0310 bias=0.0032
[Epoch 5/20] total=0.6019 natural=0.0533 structure=0.0974 distinguish=0.0265 palette=0.0305 bias=0.0033
已儲存 checkpoint: checkpoints_v5\model_epoch5.pt
[Epoch 6/20] total=0.5884 natural=0.0539 structure=0.1018 distinguish=0.0263 palette=0.0293 bias=0.0033
[Epoch 7/20] total=0.5807 natural=0.0555 structure=0.1073 distinguish=0.0261 palette=0.0286 bias=0.0035
[Epoch 8/20] total=0.5761 natural=0.0573 structure=0.1130 distinguish=0.0263 palette=0.0277 bias=0.0038
[Epoch 9/20] total=0.5697 natural=0.0585 structure=0.1165 distinguish=0.0262 palette=0.0271 bias=0.0039
[Epoch 10/20] total=0.5608 natural=0.0593 structure=0.1190 distinguish=0.0261 palette=0.0262 bias=0.0040
已儲存 checkpoint: checkpoints_v5\model_epoch10.pt
[Epoch 11/20] total=0.5556 natural=0.0603 structure=0.1220 distinguish=0.0261 palette=0.0255 bias=0.0042
[Epoch 12/20] total=0.5535 natural=0.0613 structure=0.1239 distinguish=0.0262 palette=0.0251 bias=0.0044
[Epoch 13/20] total=0.5425 natural=0.0620 structure=0.1253 distinguish=0.0257 palette=0.0244 bias=0.0045
[Epoch 14/20] total=0.5404 natural=0.0623 structure=0.1259 distinguish=0.0257 palette=0.0242 bias=0.0046
[Epoch 15/20] total=0.5290 natural=0.0626 structure=0.1253 distinguish=0.0254 palette=0.0233 bias=0.0047
已儲存 checkpoint: checkpoints_v5\model_epoch15.pt
[Epoch 16/20] total=0.5222 natural=0.0638 structure=0.1270 distinguish=0.0253 palette=0.0226 bias=0.0050
[Epoch 17/20] total=0.5204 natural=0.0641 structure=0.1280 distinguish=0.0252 palette=0.0225 bias=0.0049
[Epoch 18/20] total=0.5182 natural=0.0648 structure=0.1289 distinguish=0.0251 palette=0.0223 bias=0.0049
[Epoch 19/20] total=0.5099 natural=0.0659 structure=0.1300 distinguish=0.0251 palette=0.0215 bias=0.0049
[Epoch 20/20] total=0.5111 natural=0.0658 structure=0.1302 distinguish=0.0250 palette=0.0217 bias=0.0049
已儲存 checkpoint: checkpoints_v5\model_epoch20.pt
